%!Adobe-FontList 1.24
%Locale:0x809

%BeginFont
Handler:DirectoryHandler
FontType:Type1
FontName:GaramondPremrPro-Bd
FamilyName:Garamond Premier Pro
StyleName:Bold
FullName:Garamond Premier Pro Bold
MenuName:Garamond Premr Pro
StyleBits:2
WritingScript:Roman
OutlineFileName:W:\2025\Mall of Sofia\BlackFriday\Export\MoS-BlackFriday-App\MoS-BlackFriday-App_October2025_1080x1920px Folder\Document fonts\GaramondPremrPro-Bd.otf
DataFormat:sfntData
UsesStandardEncoding:yes
isCFF:yes
hasSVG:no
hasCOLR:no
VariableFontType:NonVariableFont
FileLength:354796
FileModTime:1114706234
WeightClass:700
WidthClass:5
AngleClass:0
DesignSize:110
NameArray:0,Mac,18,Garamond Premr Pro Bold
NameArray:0,Mac,4,Garamond Premier Pro Bold
NameArray:0,Win,1,Garamond Premr Pro
NameArray:0,Win,16,Garamond Premier Pro
%EndFont

%BeginFont
Handler:DirectoryHandler
FontType:Type1
FontName:GaramondPremrPro-Disp
FamilyName:Garamond Premier Pro
StyleName:Display
FullName:Garamond Premier Pro Display
MenuName:Garamond Premr Pro Disp
StyleBits:0
WritingScript:Roman
OutlineFileName:W:\2025\Mall of Sofia\BlackFriday\Export\MoS-BlackFriday-App\MoS-BlackFriday-App_October2025_1080x1920px Folder\Document fonts\GaramondPremrPro-Disp.otf
DataFormat:sfntData
UsesStandardEncoding:yes
isCFF:yes
hasSVG:no
hasCOLR:no
VariableFontType:NonVariableFont
FileLength:349824
FileModTime:1114706236
WeightClass:400
WidthClass:5
AngleClass:0
DesignSize:720
NameArray:0,Mac,18,Garamond Premr Pro Disp
NameArray:0,Mac,4,Garamond Premier Pro Display
NameArray:0,Win,1,Garamond Premr Pro Disp
NameArray:0,Win,16,Garamond Premier Pro
%EndFont

%BeginFont
Handler:DirectoryHandler
FontType:Type1
FontName:GaramondPremrPro-Med
FamilyName:Garamond Premier Pro
StyleName:Medium
FullName:Garamond Premier Pro Medium
MenuName:Garamond Premr Pro Med
StyleBits:0
WritingScript:Roman
OutlineFileName:W:\2025\Mall of Sofia\BlackFriday\Export\MoS-BlackFriday-App\MoS-BlackFriday-App_October2025_1080x1920px Folder\Document fonts\GaramondPremrPro-Med.otf
DataFormat:sfntData
UsesStandardEncoding:yes
isCFF:yes
hasSVG:no
hasCOLR:no
VariableFontType:NonVariableFont
FileLength:362588
FileModTime:1114706236
WeightClass:500
WidthClass:5
AngleClass:0
DesignSize:110
NameArray:0,Mac,18,Garamond Premr Pro Med
NameArray:0,Mac,4,Garamond Premier Pro Medium
NameArray:0,Win,1,Garamond Premr Pro Med
NameArray:0,Win,16,Garamond Premier Pro
%EndFont

%BeginFont
Handler:DirectoryHandler
FontType:Type1
FontName:GaramondPremrPro-Smbd
FamilyName:Garamond Premier Pro
StyleName:Semibold
FullName:Garamond Premier Pro Semibold
MenuName:Garamond Premr Pro Smbd
StyleBits:0
WritingScript:Roman
OutlineFileName:W:\2025\Mall of Sofia\BlackFriday\Export\MoS-BlackFriday-App\MoS-BlackFriday-App_October2025_1080x1920px Folder\Document fonts\GaramondPremrPro-Smbd.otf
DataFormat:sfntData
UsesStandardEncoding:yes
isCFF:yes
hasSVG:no
hasCOLR:no
VariableFontType:NonVariableFont
FileLength:358928
FileModTime:1295553354
WeightClass:600
WidthClass:5
AngleClass:0
DesignSize:110
NameArray:0,Mac,18,Garamond Premr Pro Smbd
NameArray:0,Mac,4,Garamond Premier Pro Semibold
NameArray:0,Win,1,Garamond Premr Pro Smbd
NameArray:0,Win,16,Garamond Premier Pro
%EndFont

